Testing getDashboardStats for ADMIN...
Stats: {
  "totalPatients": 1,
  "totalDoctors": 2,
  "totalAppointments": 10,
  "totalPrescriptions": 0,
  "myAppointments": 7,
  "myPrescriptions": 0,
  "todayAppointments": 0,
  "completedSittings": 0
}
Testing getAppointments with missing page (page=undefined, limit=20)...
[36m[INFO][0m Trace: Entering getAppointments [User: cad10bd3-15cb-4393-8742-b3498d87d253, Role: THERAPIST] { filters: { limit: '20' } }
[31m[ERROR][0m Trace: Failure in getAppointments {
  error: 'status is not defined',
  stack: 'ReferenceError: status is not defined\n' +
    '    at AppointmentService.getAppointments (file:///C:/Users/mas20/Desktop/work/alshifa-backend/services/appointment.service.js:24:25)\n' +
    '    at test (file:///C:/Users/mas20/Desktop/work/alshifa-backend/reproduce_issue.js:15:53)',
  id: 'cad10bd3-15cb-4393-8742-b3498d87d253',
  role: 'THERAPIST'
}
node : Test failed: ReferenceError: status is not defined
At line:1 char:1
+ node reproduce_issue.js 2>&1 | Tee-Object test_output.txt; Get-Conten ...
+ ~~~~~~~~~~~~~~~~~~~~~~~~~~~~
    + CategoryInfo          : NotSpecified: (Test failed: Re... is not def 
   ined:String) [], RemoteException
    + FullyQualifiedErrorId : NativeCommandError
 
    at AppointmentService.getAppointments (file:///C:/Users/mas20/Desktop/w
ork/alshifa-backend/services/appointment.service.js:24:25)
    at test (file:///C:/Users/mas20/Desktop/work/alshifa-backend/reproduce_
issue.js:15:53)
